GarbageCollection monitor: Register PS Scavenge for [PS Eden Space, PS Survivor Space]
GarbageCollection monitor: Register PS MarkSweep for [PS Eden Space, PS Survivor Space, PS Old Gen]
2022-02-15T09:09:48.499+0800: 70.754: [GC (Allocation Failure) [PSYoungGen: 1318710K->33504K(1337344K)] 1756477K->536944K(2096128K), 0.018 secs] [Times: real=0.018 secs] [pid: 7700] [timestamp: 1644887388499] [node: ]
2022-02-15T09:09:48.606+0800: 70.861: [GC (Allocation Failure) [PSYoungGen: 1316628K->33527K(1339392K)] 1820068K->536968K(2098176K), 0.009 secs] [Times: real=0.009 secs] [pid: 7700] [timestamp: 1644887388606] [node: ]
2022-02-15T09:09:48.703+0800: 70.958: [GC (Allocation Failure) [PSYoungGen: 1316265K->33682K(1339392K)] 1819705K->602658K(2098176K), 0.017 secs] [Times: real=0.017 secs] [pid: 7700] [timestamp: 1644887388703] [node: ]
2022-02-15T09:09:48.804+0800: 71.059: [GC (Allocation Failure) [PSYoungGen: 1314967K->33568K(1340416K)] 1883943K->602552K(2099200K), 0.008 secs] [Times: real=0.008 secs] [pid: 7700] [timestamp: 1644887388804] [node: ]
2022-02-15T09:09:48.955+0800: 71.21: [GC (Allocation Failure) [PSYoungGen: 1316444K->33920K(1339904K)] 1885428K->668440K(2098688K), 0.023 secs] [Times: real=0.023 secs] [pid: 7700] [timestamp: 1644887388955] [node: ]
2022-02-15T09:09:49.097+0800: 71.352: [GC (Allocation Failure) [PSYoungGen: 1322377K->38262K(1340416K)] 1956897K->738446K(2099200K), 0.023 secs] [Times: real=0.023 secs] [pid: 7700] [timestamp: 1644887389097] [node: ]
2022-02-15T09:09:49.120+0800: 71.375: [Full GC (Ergonomics) [PSYoungGen: 38262K->0K(1340416K)] [ParOldGen: 700184K->278971K(820224K)] 738446K->278971K(2160640K), [Metaspace: 138979K->138979K(141784K)], 0.321 secs] [Times: real=0.321 secs] [pid: 7700] [timestamp: 1644887389120] [node: ]
2022-02-15T09:09:49.554+0800: 71.809: [GC (Allocation Failure) [PSYoungGen: 1291949K->36621K(1341440K)] 1570921K->414034K(2161664K), 0.017 secs] [Times: real=0.017 secs] [pid: 7700] [timestamp: 1644887389554] [node: ]
2022-02-15T09:09:49.663+0800: 71.918: [GC (Allocation Failure) [PSYoungGen: 1329319K->36581K(1341952K)] 1706731K->413993K(2162176K), 0.01 secs] [Times: real=0.01 secs] [pid: 7700] [timestamp: 1644887389663] [node: ]
2022-02-15T09:09:49.780+0800: 72.035: [GC (Allocation Failure) [PSYoungGen: 1327939K->36568K(1341952K)] 1705351K->413980K(2162176K), 0.01 secs] [Times: real=0.01 secs] [pid: 7700] [timestamp: 1644887389780] [node: ]
2022-02-15T09:09:49.885+0800: 72.14: [GC (Allocation Failure) [PSYoungGen: 1325061K->36609K(1341952K)] 1702473K->414021K(2162176K), 0.01 secs] [Times: real=0.01 secs] [pid: 7700] [timestamp: 1644887389885] [node: ]
2022-02-15T09:09:49.983+0800: 72.238: [GC (Allocation Failure) [PSYoungGen: 1313776K->36641K(1332224K)] 1691188K->414053K(2152448K), 0.011 secs] [Times: real=0.011 secs] [pid: 7700] [timestamp: 1644887389983] [node: ]
2022-02-15T09:09:50.109+0800: 72.364: [GC (Allocation Failure) [PSYoungGen: 1320152K->36737K(1341440K)] 1697564K->414149K(2161664K), 0.012 secs] [Times: real=0.012 secs] [pid: 7700] [timestamp: 1644887390109] [node: ]
2022-02-15T09:09:50.227+0800: 72.482: [GC (Allocation Failure) [PSYoungGen: 1318503K->36865K(1341440K)] 1695915K->479814K(2161664K), 0.016 secs] [Times: real=0.016 secs] [pid: 7700] [timestamp: 1644887390227] [node: ]
2022-02-15T09:09:50.376+0800: 72.631: [GC (Allocation Failure) [PSYoungGen: 1324083K->37120K(1341952K)] 1767032K->480069K(2162176K), 0.015 secs] [Times: real=0.015 secs] [pid: 7700] [timestamp: 1644887390376] [node: ]
2022-02-15T09:09:50.512+0800: 72.767: [GC (Allocation Failure) [PSYoungGen: 1319959K->38578K(1341952K)] 1762907K->481526K(2162176K), 0.01 secs] [Times: real=0.01 secs] [pid: 7700] [timestamp: 1644887390512] [node: ]
2022-02-15T09:09:50.741+0800: 72.996: [GC (Allocation Failure) [PSYoungGen: 1302552K->5549K(1334272K)] 1745500K->448497K(2154496K), 0.044 secs] [Times: real=0.044 secs] [pid: 7700] [timestamp: 1644887390741] [node: ]
2022-02-15T09:09:50.965+0800: 73.22: [GC (Allocation Failure) [PSYoungGen: 1287488K->39482K(1328128K)] 1730437K->515206K(2148352K), 0.042 secs] [Times: real=0.042 secs] [pid: 7700] [timestamp: 1644887390965] [node: ]
2022-02-15T09:09:51.152+0800: 73.407: [GC (Allocation Failure) [PSYoungGen: 1322030K->39969K(1335808K)] 1797754K->548598K(2156032K), 0.024 secs] [Times: real=0.024 secs] [pid: 7700] [timestamp: 1644887391152] [node: ]
2022-02-15T09:09:51.255+0800: 73.51: [GC (Allocation Failure) [PSYoungGen: 1322015K->7489K(1292800K)] 1830644K->516118K(2113024K), 0.011 secs] [Times: real=0.011 secs] [pid: 7700] [timestamp: 1644887391255] [node: ]
2022-02-15T09:09:51.362+0800: 73.617: [GC (GCLocker Initiated GC) [PSYoungGen: 1290084K->7119K(1330176K)] 1864248K->581284K(2150400K), 0.012 secs] [Times: real=0.012 secs] [pid: 7700] [timestamp: 1644887391362] [node: ]
2022-02-15T09:09:51.610+0800: 73.865: [Full GC (Ergonomics) [PSYoungGen: 1283023K->0K(1330176K)] [ParOldGen: 935388K->313931K(901120K)] 2218411K->313931K(2231296K), [Metaspace: 141182K->141182K(144216K)], 0.371 secs] [Times: real=0.371 secs] [pid: 7700] [timestamp: 1644887391610] [node: ]
2022-02-15T09:09:52.237+0800: 74.492: [Full GC (Ergonomics) [PSYoungGen: 1275904K->0K(1330176K)] [ParOldGen: 1134677K->246139K(909312K)] 2410581K->246139K(2239488K), [Metaspace: 141569K->141569K(144472K)], 0.33 secs] [Times: real=0.33 secs] [pid: 7700] [timestamp: 1644887392237] [node: ]
2022-02-15T09:09:52.646+0800: 74.901: [GC (Allocation Failure) [PSYoungGen: 1259000K->33503K(1332224K)] 1505140K->410972K(2241536K), 0.02 secs] [Times: real=0.02 secs] [pid: 7700] [timestamp: 1644887392646] [node: ]
2022-02-15T09:09:52.785+0800: 75.04: [GC (Allocation Failure) [PSYoungGen: 1299319K->34848K(1330176K)] 1676789K->445093K(2239488K), 0.012 secs] [Times: real=0.012 secs] [pid: 7700] [timestamp: 1644887392785] [node: ]
2022-02-15T09:09:52.926+0800: 75.181: [GC (GCLocker Initiated GC) [PSYoungGen: 1300899K->33777K(1331712K)] 1744041K->542583K(2241024K), 0.018 secs] [Times: real=0.018 secs] [pid: 7700] [timestamp: 1644887392926] [node: ]
2022-02-15T09:09:53.132+0800: 75.387: [GC (Allocation Failure) [PSYoungGen: 1310705K->2549K(1329664K)] 1951009K->642861K(2238976K), 0.011 secs] [Times: real=0.011 secs] [pid: 7700] [timestamp: 1644887393132] [node: ]
2022-02-15T09:09:53.294+0800: 75.549: [GC (Allocation Failure) [PSYoungGen: 1261776K->34993K(1332224K)] 1902089K->708082K(2241536K), 0.024 secs] [Times: real=0.024 secs] [pid: 7700] [timestamp: 1644887393294] [node: ]
2022-02-15T09:09:53.450+0800: 75.705: [GC (Allocation Failure) [PSYoungGen: 1291446K->34904K(1331200K)] 1964534K->707992K(2240512K), 0.019 secs] [Times: real=0.019 secs] [pid: 7700] [timestamp: 1644887393450] [node: ]
2022-02-15T09:09:53.589+0800: 75.844: [GC (Allocation Failure) [PSYoungGen: 1289997K->35331K(1331712K)] 1963085K->741196K(2241024K), 0.013 secs] [Times: real=0.013 secs] [pid: 7700] [timestamp: 1644887393589] [node: ]
2022-02-15T09:09:53.683+0800: 75.938: [GC (GCLocker Initiated GC) [PSYoungGen: 1286892K->36372K(1332736K)] 2025653K->840797K(2242048K), 0.017 secs] [Times: real=0.017 secs] [pid: 7700] [timestamp: 1644887393683] [node: ]
2022-02-15T09:09:53.700+0800: 75.955: [Full GC (Ergonomics) [PSYoungGen: 36372K->0K(1332736K)] [ParOldGen: 804425K->314607K(1083392K)] 840797K->314607K(2416128K), [Metaspace: 142489K->142489K(145368K)], 0.309 secs] [Times: real=0.309 secs] [pid: 7700] [timestamp: 1644887393700] [node: ]
2022-02-15T09:09:54.221+0800: 76.476: [Full GC (Ergonomics) [PSYoungGen: 1277440K->0K(1332736K)] [ParOldGen: 1036920K->281105K(1153536K)] 2314360K->281105K(2486272K), [Metaspace: 143214K->143214K(146136K)], 0.323 secs] [Times: real=0.323 secs] [pid: 7700] [timestamp: 1644887394221] [node: ]
2022-02-15T09:09:54.644+0800: 76.899: [GC (Allocation Failure) [PSYoungGen: 1262995K->34628K(1332736K)] 1544100K->381406K(2486272K), 0.015 secs] [Times: real=0.015 secs] [pid: 7700] [timestamp: 1644887394644] [node: ]
2022-02-15T09:09:54.743+0800: 76.998: [GC (Allocation Failure) [PSYoungGen: 1292883K->33248K(1330688K)] 1639661K->380026K(2484224K), 0.011 secs] [Times: real=0.011 secs] [pid: 7700] [timestamp: 1644887394743] [node: ]
2022-02-15T09:09:54.832+0800: 77.087: [GC (Allocation Failure) [PSYoungGen: 1287519K->463K(1331712K)] 1634297K->347241K(2485248K), 0.007 secs] [Times: real=0.007 secs] [pid: 7700] [timestamp: 1644887394832] [node: ]
2022-02-15T09:09:54.927+0800: 77.182: [GC (Allocation Failure) [PSYoungGen: 1251842K->33164K(1333248K)] 1598620K->379950K(2486784K), 0.012 secs] [Times: real=0.012 secs] [pid: 7700] [timestamp: 1644887394927] [node: ]
2022-02-15T09:09:55.045+0800: 77.3: [GC (Allocation Failure) [PSYoungGen: 1279105K->544K(1277952K)] 1625891K->347338K(2431488K), 0.007 secs] [Times: real=0.007 secs] [pid: 7700] [timestamp: 1644887395045] [node: ]
2022-02-15T09:09:55.128+0800: 77.383: [GC (Allocation Failure) [PSYoungGen: 1253044K->33440K(1331200K)] 1599838K->380234K(2484736K), 0.009 secs] [Times: real=0.009 secs] [pid: 7700] [timestamp: 1644887395128] [node: ]
2022-02-15T09:09:55.230+0800: 77.485: [GC (Allocation Failure) [PSYoungGen: 1280538K->817K(1274880K)] 1627332K->347611K(2428416K), 0.011 secs] [Times: real=0.011 secs] [pid: 7700] [timestamp: 1644887395230] [node: ]
2022-02-15T09:09:55.322+0800: 77.577: [GC (Allocation Failure) [PSYoungGen: 1248915K->33797K(1329152K)] 1595709K->380591K(2482688K), 0.011 secs] [Times: real=0.011 secs] [pid: 7700] [timestamp: 1644887395322] [node: ]
2022-02-15T09:09:55.513+0800: 77.768: [GC (Allocation Failure) [PSYoungGen: 1288230K->1280K(1272320K)] 1635024K->348082K(2425856K), 0.008 secs] [Times: real=0.008 secs] [pid: 7700] [timestamp: 1644887395513] [node: ]
2022-02-15T09:09:55.707+0800: 77.962: [GC (Allocation Failure) [PSYoungGen: 1259024K->34464K(1328128K)] 1605826K->381266K(2481664K), 0.035 secs] [Times: real=0.035 secs] [pid: 7700] [timestamp: 1644887395707] [node: ]
2022-02-15T09:09:55.927+0800: 78.182: [GC (Allocation Failure) [PSYoungGen: 1286768K->2208K(1328640K)] 1633570K->349010K(2482176K), 0.021 secs] [Times: real=0.021 secs] [pid: 7700] [timestamp: 1644887395927] [node: ]
2022-02-15T09:09:56.133+0800: 78.388: [GC (Allocation Failure) [PSYoungGen: 1258662K->35520K(1325568K)] 1605464K->382322K(2479104K), 0.038 secs] [Times: real=0.038 secs] [pid: 7700] [timestamp: 1644887396133] [node: ]
2022-02-15T09:09:56.340+0800: 78.595: [GC (Allocation Failure) [PSYoungGen: 1290690K->3200K(1327104K)] 1637492K->350010K(2480640K), 0.025 secs] [Times: real=0.025 secs] [pid: 7700] [timestamp: 1644887396340] [node: ]
2022-02-15T09:09:56.542+0800: 78.797: [GC (Allocation Failure) [PSYoungGen: 1264434K->36608K(1323520K)] 1611244K->383426K(2477056K), 0.021 secs] [Times: real=0.021 secs] [pid: 7700] [timestamp: 1644887396542] [node: ]
2022-02-15T09:09:56.780+0800: 79.035: [GC (Allocation Failure) [PSYoungGen: 1299200K->4576K(1325568K)] 1646018K->351402K(2479104K), 0.012 secs] [Times: real=0.012 secs] [pid: 7700] [timestamp: 1644887396780] [node: ]
2022-02-15T09:09:56.927+0800: 79.182: [GC (Allocation Failure) [PSYoungGen: 1259895K->37792K(1322496K)] 1606721K->384666K(2476032K), 0.028 secs] [Times: real=0.028 secs] [pid: 7700] [timestamp: 1644887396927] [node: ]
2022-02-15T09:09:57.239+0800: 79.494: [GC (Allocation Failure) [PSYoungGen: 1284222K->38343K(1298944K)] 1631096K->385273K(2452480K), 0.04 secs] [Times: real=0.04 secs] [pid: 7700] [timestamp: 1644887397239] [node: ]
2022-02-15T09:09:57.508+0800: 79.763: [GC (Allocation Failure) [PSYoungGen: 1276086K->38899K(1320448K)] 1623016K->385861K(2473984K), 0.026 secs] [Times: real=0.026 secs] [pid: 7700] [timestamp: 1644887397508] [node: ]
2022-02-15T09:09:57.694+0800: 79.949: [GC (Allocation Failure) [PSYoungGen: 1263963K->38874K(1293312K)] 1610925K->451589K(2446848K), 0.026 secs] [Times: real=0.026 secs] [pid: 7700] [timestamp: 1644887397694] [node: ]
2022-02-15T09:09:57.845+0800: 80.1: [GC (Allocation Failure) [PSYoungGen: 1291141K->38976K(1319424K)] 1703855K->484707K(2472960K), 0.04 secs] [Times: real=0.04 secs] [pid: 7700] [timestamp: 1644887397845] [node: ]
2022-02-15T09:09:57.980+0800: 80.235: [GC (Allocation Failure) [PSYoungGen: 1284680K->38784K(1319936K)] 1730411K->484562K(2473472K), 0.024 secs] [Times: real=0.024 secs] [pid: 7700] [timestamp: 1644887397980] [node: ]
2022-02-15T09:09:58.096+0800: 80.351: [GC (Allocation Failure) [PSYoungGen: 1284209K->38944K(1318912K)] 1729988K->517691K(2472448K), 0.035 secs] [Times: real=0.035 secs] [pid: 7700] [timestamp: 1644887398096] [node: ]
2022-02-15T09:09:58.358+0800: 80.613: [GC (Allocation Failure) [PSYoungGen: 1279910K->38784K(1319424K)] 1758657K->583243K(2472960K), 0.043 secs] [Times: real=0.043 secs] [pid: 7700] [timestamp: 1644887398358] [node: ]
2022-02-15T09:09:58.662+0800: 80.917: [GC (Allocation Failure) [PSYoungGen: 1282829K->38752K(1318400K)] 1827288K->616315K(2471936K), 0.025 secs] [Times: real=0.025 secs] [pid: 7700] [timestamp: 1644887398662] [node: ]
2022-02-15T09:09:58.966+0800: 81.221: [GC (Allocation Failure) [PSYoungGen: 1286833K->38784K(1319424K)] 1864397K->616795K(2472960K), 0.03 secs] [Times: real=0.03 secs] [pid: 7700] [timestamp: 1644887398966] [node: ]
2022-02-15T09:09:59.175+0800: 81.43: [GC (Allocation Failure) [PSYoungGen: 1281637K->38432K(1319424K)] 1859648K->649779K(2472960K), 0.055 secs] [Times: real=0.055 secs] [pid: 7700] [timestamp: 1644887399175] [node: ]
2022-02-15T09:09:59.379+0800: 81.634: [GC (Allocation Failure) [PSYoungGen: 1284323K->38336K(1320960K)] 1895670K->650211K(2474496K), 0.022 secs] [Times: real=0.022 secs] [pid: 7700] [timestamp: 1644887399379] [node: ]
2022-02-15T09:09:59.557+0800: 81.812: [GC (Allocation Failure) [PSYoungGen: 1288727K->38365K(1321472K)] 1900602K->683488K(2475008K), 0.036 secs] [Times: real=0.036 secs] [pid: 7700] [timestamp: 1644887399557] [node: ]
2022-02-15T09:09:59.734+0800: 81.989: [GC (Allocation Failure) [PSYoungGen: 1283758K->37696K(1322496K)] 1928881K->683427K(2476032K), 0.065 secs] [Times: real=0.065 secs] [pid: 7700] [timestamp: 1644887399734] [node: ]
2022-02-15T09:10:00.000+0800: 82.255: [GC (Allocation Failure) [PSYoungGen: 1287055K->37120K(1323520K)] 1932787K->716387K(2477056K), 0.039 secs] [Times: real=0.039 secs] [pid: 7700] [timestamp: 1644887400000] [node: ]
2022-02-15T09:10:00.266+0800: 82.521: [GC (Allocation Failure) [PSYoungGen: 1298887K->36736K(1324544K)] 1978154K->716499K(2478080K), 0.018 secs] [Times: real=0.018 secs] [pid: 7700] [timestamp: 1644887400266] [node: ]
2022-02-15T09:10:00.616+0800: 82.871: [GC (Allocation Failure) [PSYoungGen: 1284428K->3360K(1324544K)] 1964191K->683659K(2478080K), 0.024 secs] [Times: real=0.024 secs] [pid: 7700] [timestamp: 1644887400616] [node: ]
2022-02-15T09:10:00.797+0800: 83.052: [GC (Allocation Failure) [PSYoungGen: 1254585K->35903K(1327616K)] 1934884K->716618K(2481152K), 0.022 secs] [Times: real=0.022 secs] [pid: 7700] [timestamp: 1644887400797] [node: ]
2022-02-15T09:10:01.070+0800: 83.325: [GC (Allocation Failure) [PSYoungGen: 1282086K->35839K(1323008K)] 1962802K->716610K(2476544K), 0.019 secs] [Times: real=0.019 secs] [pid: 7700] [timestamp: 1644887401070] [node: ]
2022-02-15T09:10:01.248+0800: 83.503: [GC (Allocation Failure) [PSYoungGen: 1275819K->3103K(1326080K)] 1956590K->684026K(2479616K), 0.013 secs] [Times: real=0.013 secs] [pid: 7700] [timestamp: 1644887401248] [node: ]
2022-02-15T09:10:01.340+0800: 83.595: [GC (Allocation Failure) [PSYoungGen: 1242671K->35775K(1328640K)] 1923594K->782435K(2482176K), 0.023 secs] [Times: real=0.023 secs] [pid: 7700] [timestamp: 1644887401340] [node: ]
2022-02-15T09:10:01.445+0800: 83.7: [GC (Allocation Failure) [PSYoungGen: 1275288K->2687K(1271296K)] 2021948K->749538K(2424832K), 0.014 secs] [Times: real=0.014 secs] [pid: 7700] [timestamp: 1644887401445] [node: ]
2022-02-15T09:10:01.535+0800: 83.79: [GC (Allocation Failure) [PSYoungGen: 1242401K->35359K(1327616K)] 1989252K->782346K(2481152K), 0.014 secs] [Times: real=0.014 secs] [pid: 7700] [timestamp: 1644887401535] [node: ]
2022-02-15T09:10:01.618+0800: 83.873: [GC (Allocation Failure) [PSYoungGen: 1274903K->35231K(1301504K)] 2021890K->815267K(2455040K), 0.017 secs] [Times: real=0.017 secs] [pid: 7700] [timestamp: 1644887401618] [node: ]
2022-02-15T09:10:01.707+0800: 83.962: [GC (Allocation Failure) [PSYoungGen: 1274957K->34591K(1327616K)] 2054993K->880807K(2481152K), 0.02 secs] [Times: real=0.02 secs] [pid: 7700] [timestamp: 1644887401707] [node: ]
2022-02-15T09:10:01.797+0800: 84.052: [GC (Allocation Failure) [PSYoungGen: 1274184K->34527K(1326592K)] 2120400K->913735K(2480128K), 0.015 secs] [Times: real=0.015 secs] [pid: 7700] [timestamp: 1644887401797] [node: ]
2022-02-15T09:10:01.877+0800: 84.132: [GC (Allocation Failure) [PSYoungGen: 1274286K->34047K(1327616K)] 2153494K->913591K(2481152K), 0.011 secs] [Times: real=0.011 secs] [pid: 7700] [timestamp: 1644887401877] [node: ]
2022-02-15T09:10:01.952+0800: 84.207: [GC (Allocation Failure) [PSYoungGen: 1279935K->33823K(1327104K)] 2159479K->946367K(2480640K), 0.013 secs] [Times: real=0.013 secs] [pid: 7700] [timestamp: 1644887401952] [node: ]
2022-02-15T09:10:02.033+0800: 84.288: [GC (Allocation Failure) [PSYoungGen: 1273733K->33727K(1330176K)] 2186277K->946407K(2483712K), 0.011 secs] [Times: real=0.011 secs] [pid: 7700] [timestamp: 1644887402033] [node: ]
2022-02-15T09:10:02.108+0800: 84.363: [GC (Allocation Failure) [PSYoungGen: 1306494K->33631K(1330176K)] 2219175K->946407K(2483712K), 0.01 secs] [Times: real=0.01 secs] [pid: 7700] [timestamp: 1644887402108] [node: ]
2022-02-15T09:10:02.187+0800: 84.442: [GC (Allocation Failure) [PSYoungGen: 1306368K->33503K(1333248K)] 2219144K->1012119K(2486784K), 0.016 secs] [Times: real=0.016 secs] [pid: 7700] [timestamp: 1644887402187] [node: ]
2022-02-15T09:10:02.267+0800: 84.522: [GC (Allocation Failure) [PSYoungGen: 1306330K->33311K(1332736K)] 2284946K->1012047K(2486272K), 0.01 secs] [Times: real=0.01 secs] [pid: 7700] [timestamp: 1644887402267] [node: ]
2022-02-15T09:10:02.353+0800: 84.608: [GC (Allocation Failure) [PSYoungGen: 1306129K->33088K(1335808K)] 2284865K->1011991K(2489344K), 0.01 secs] [Times: real=0.01 secs] [pid: 7700] [timestamp: 1644887402353] [node: ]
2022-02-15T09:10:02.459+0800: 84.714: [GC (Allocation Failure) [PSYoungGen: 1305526K->32992K(1334784K)] 2284430K->1011979K(2488320K), 0.01 secs] [Times: real=0.01 secs] [pid: 7700] [timestamp: 1644887402459] [node: ]
2022-02-15T09:10:02.580+0800: 84.835: [GC (Allocation Failure) [PSYoungGen: 1305999K->32896K(1337856K)] 2284987K->1011990K(2491392K), 0.013 secs] [Times: real=0.013 secs] [pid: 7700] [timestamp: 1644887402580] [node: ]
2022-02-15T09:10:02.689+0800: 84.944: [GC (Allocation Failure) [PSYoungGen: 1305957K->32896K(1336832K)] 2285052K->1012006K(2490368K), 0.01 secs] [Times: real=0.01 secs] [pid: 7700] [timestamp: 1644887402689] [node: ]
2022-02-15T09:10:02.853+0800: 85.108: [GC (Allocation Failure) [PSYoungGen: 1309367K->32992K(1340928K)] 2288478K->1012110K(2494464K), 0.013 secs] [Times: real=0.013 secs] [pid: 7700] [timestamp: 1644887402853] [node: ]
2022-02-15T09:10:02.949+0800: 85.204: [GC (Allocation Failure) [PSYoungGen: 1306104K->33024K(1339904K)] 2285223K->1012150K(2493440K), 0.011 secs] [Times: real=0.011 secs] [pid: 7700] [timestamp: 1644887402949] [node: ]
2022-02-15T09:10:03.032+0800: 85.287: [GC (Allocation Failure) [PSYoungGen: 1308903K->33120K(1342976K)] 2288030K->1077791K(2496512K), 0.022 secs] [Times: real=0.022 secs] [pid: 7700] [timestamp: 1644887403032] [node: ]
2022-02-15T09:10:03.122+0800: 85.377: [GC (Allocation Failure) [PSYoungGen: 1305983K->32992K(1341952K)] 2350654K->1077670K(2495488K), 0.009 secs] [Times: real=0.009 secs] [pid: 7700] [timestamp: 1644887403122] [node: ]
2022-02-15T09:10:03.197+0800: 85.452: [GC (Allocation Failure) [PSYoungGen: 1306425K->33120K(1345024K)] 2351103K->1143343K(2498560K), 0.038 secs] [Times: real=0.038 secs] [pid: 7700] [timestamp: 1644887403197] [node: ]
2022-02-15T09:10:03.235+0800: 85.49: [Full GC (Ergonomics) [PSYoungGen: 33120K->0K(1345024K)] [ParOldGen: 1110222K->287196K(1233920K)] 1143343K->287196K(2578944K), [Metaspace: 148709K->148709K(151640K)], 0.4 secs] [Times: real=0.4 secs] [pid: 7700] [timestamp: 1644887403235] [node: ]
2022-02-15T09:10:03.712+0800: 85.967: [GC (Allocation Failure) [PSYoungGen: 1272997K->33024K(1344512K)] 1560194K->418653K(2578432K), 0.016 secs] [Times: real=0.016 secs] [pid: 7700] [timestamp: 1644887403712] [node: ]
2022-02-15T09:10:03.804+0800: 86.059: [GC (Allocation Failure) [PSYoungGen: 1306060K->32928K(1346048K)] 1691689K->418557K(2579968K), 0.009 secs] [Times: real=0.009 secs] [pid: 7700] [timestamp: 1644887403804] [node: ]
2022-02-15T09:10:03.889+0800: 86.144: [GC (Allocation Failure) [PSYoungGen: 1306081K->33024K(1345536K)] 1691711K->484189K(2579456K), 0.016 secs] [Times: real=0.016 secs] [pid: 7700] [timestamp: 1644887403889] [node: ]
2022-02-15T09:10:03.988+0800: 86.243: [GC (Allocation Failure) [PSYoungGen: 1308261K->32992K(1348096K)] 1759427K->549694K(2582016K), 0.024 secs] [Times: real=0.024 secs] [pid: 7700] [timestamp: 1644887403988] [node: ]
2022-02-15T09:10:04.103+0800: 86.358: [GC (Allocation Failure) [PSYoungGen: 1339201K->32896K(1347584K)] 1855902K->582365K(2581504K), 0.014 secs] [Times: real=0.014 secs] [pid: 7700] [timestamp: 1644887404103] [node: ]
2022-02-15T09:10:04.201+0800: 86.456: [GC (Allocation Failure) [PSYoungGen: 1339198K->33024K(1349120K)] 1888668K->648038K(2583040K), 0.016 secs] [Times: real=0.016 secs] [pid: 7700] [timestamp: 1644887404201] [node: ]
2022-02-15T09:10:04.565+0800: 86.82: [GC (Allocation Failure) [PSYoungGen: 1319576K->33184K(1348608K)] 1934590K->648197K(2582528K), 0.009 secs] [Times: real=0.009 secs] [pid: 7700] [timestamp: 1644887404565] [node: ]
2022-02-15T09:10:04.733+0800: 86.988: [GC (Allocation Failure) [PSYoungGen: 1339699K->608K(1340928K)] 1954713K->615621K(2574848K), 0.011 secs] [Times: real=0.011 secs] [pid: 7700] [timestamp: 1644887404733] [node: ]
2022-02-15T09:10:04.860+0800: 87.115: [GC (Allocation Failure) [PSYoungGen: 1274631K->608K(1304576K)] 1889645K->615621K(2538496K), 0.015 secs] [Times: real=0.015 secs] [pid: 7700] [timestamp: 1644887404860] [node: ]
2022-02-15T09:10:05.015+0800: 87.27: [GC (Allocation Failure) [PSYoungGen: 1275162K->576K(1337344K)] 1890176K->615589K(2571264K), 0.016 secs] [Times: real=0.016 secs] [pid: 7700] [timestamp: 1644887405015] [node: ]
2022-02-15T09:10:05.174+0800: 87.429: [GC (Allocation Failure) [PSYoungGen: 1274048K->544K(1292288K)] 1889061K->615557K(2526208K), 0.011 secs] [Times: real=0.011 secs] [pid: 7700] [timestamp: 1644887405174] [node: ]
2022-02-15T09:10:05.291+0800: 87.546: [GC (Allocation Failure) [PSYoungGen: 1271982K->576K(1336320K)] 1886995K->615597K(2570240K), 0.01 secs] [Times: real=0.01 secs] [pid: 7700] [timestamp: 1644887405291] [node: ]
2022-02-15T09:10:05.453+0800: 87.708: [GC (Allocation Failure) [PSYoungGen: 1272475K->544K(1337344K)] 1887496K->615565K(2571264K), 0.012 secs] [Times: real=0.012 secs] [pid: 7700] [timestamp: 1644887405453] [node: ]
2022-02-15T09:10:05.584+0800: 87.839: [GC (Allocation Failure) [PSYoungGen: 1272801K->576K(1336320K)] 1887822K->615597K(2570240K), 0.01 secs] [Times: real=0.01 secs] [pid: 7700] [timestamp: 1644887405584] [node: ]
2022-02-15T09:10:05.721+0800: 87.976: [GC (Allocation Failure) [PSYoungGen: 1273067K->576K(1336832K)] 1888088K->615597K(2570752K), 0.006 secs] [Times: real=0.006 secs] [pid: 7700] [timestamp: 1644887405721] [node: ]
2022-02-15T09:10:05.839+0800: 88.094: [GC (Allocation Failure) [PSYoungGen: 1273211K->576K(1334784K)] 1888232K->615613K(2568704K), 0.009 secs] [Times: real=0.009 secs] [pid: 7700] [timestamp: 1644887405839] [node: ]
2022-02-15T09:10:05.941+0800: 88.196: [GC (Allocation Failure) [PSYoungGen: 1273336K->576K(1336320K)] 1888373K->615629K(2570240K), 0.007 secs] [Times: real=0.007 secs] [pid: 7700] [timestamp: 1644887405941] [node: ]
2022-02-15T09:10:06.044+0800: 88.299: [GC (Allocation Failure) [PSYoungGen: 1274543K->608K(1336832K)] 1889596K->615677K(2570752K), 0.007 secs] [Times: real=0.007 secs] [pid: 7700] [timestamp: 1644887406044] [node: ]
2022-02-15T09:10:06.144+0800: 88.399: [GC (Allocation Failure) [PSYoungGen: 1273562K->608K(1338368K)] 1888632K->615701K(2572288K), 0.007 secs] [Times: real=0.007 secs] [pid: 7700] [timestamp: 1644887406144] [node: ]
2022-02-15T09:10:06.247+0800: 88.502: [GC (Allocation Failure) [PSYoungGen: 1273588K->608K(1338880K)] 1888681K->615709K(2572800K), 0.007 secs] [Times: real=0.007 secs] [pid: 7700] [timestamp: 1644887406247] [node: ]
2022-02-15T09:10:06.348+0800: 88.603: [GC (Allocation Failure) [PSYoungGen: 1273725K->544K(1340928K)] 1888827K->615661K(2574848K), 0.007 secs] [Times: real=0.007 secs] [pid: 7700] [timestamp: 1644887406348] [node: ]
2022-02-15T09:10:06.449+0800: 88.704: [GC (Allocation Failure) [PSYoungGen: 1273672K->448K(1343488K)] 1888790K->615741K(2577408K), 0.007 secs] [Times: real=0.007 secs] [pid: 7700] [timestamp: 1644887406449] [node: ]
2022-02-15T09:10:06.550+0800: 88.805: [GC (Allocation Failure) [PSYoungGen: 1306501K->33056K(1339904K)] 1921795K->648477K(2573824K), 0.009 secs] [Times: real=0.009 secs] [pid: 7700] [timestamp: 1644887406550] [node: ]
2022-02-15T09:10:06.662+0800: 88.917: [GC (Allocation Failure) [PSYoungGen: 1339250K->288K(1345536K)] 1954671K->615757K(2579456K), 0.006 secs] [Times: real=0.006 secs] [pid: 7700] [timestamp: 1644887406662] [node: ]
2022-02-15T09:10:06.763+0800: 89.018: [GC (Allocation Failure) [PSYoungGen: 1273652K->192K(1301504K)] 1889121K->615764K(2535424K), 0.006 secs] [Times: real=0.006 secs] [pid: 7700] [timestamp: 1644887406763] [node: ]
2022-02-15T09:10:06.860+0800: 89.115: [GC (Allocation Failure) [PSYoungGen: 1273257K->160K(1344000K)] 1888830K->615764K(2577920K), 0.005 secs] [Times: real=0.005 secs] [pid: 7700] [timestamp: 1644887406860] [node: ]
2022-02-15T09:10:06.951+0800: 89.206: [GC (Allocation Failure) [PSYoungGen: 1273561K->160K(1341952K)] 1889165K->615772K(2575872K), 0.006 secs] [Times: real=0.006 secs] [pid: 7700] [timestamp: 1644887406951] [node: ]
2022-02-15T09:10:07.046+0800: 89.301: [GC (Allocation Failure) [PSYoungGen: 1273916K->160K(1347072K)] 1889528K->615780K(2580992K), 0.006 secs] [Times: real=0.006 secs] [pid: 7700] [timestamp: 1644887407046] [node: ]
2022-02-15T09:10:07.139+0800: 89.394: [GC (Allocation Failure) [PSYoungGen: 1306259K->32928K(1345536K)] 1921879K->648556K(2579456K), 0.008 secs] [Times: real=0.008 secs] [pid: 7700] [timestamp: 1644887407139] [node: ]
2022-02-15T09:10:07.237+0800: 89.492: [GC (Allocation Failure) [PSYoungGen: 1342153K->160K(1348096K)] 1957781K->615796K(2582016K), 0.006 secs] [Times: real=0.006 secs] [pid: 7700] [timestamp: 1644887407237] [node: ]
2022-02-15T09:10:07.326+0800: 89.581: [GC (Allocation Failure) [PSYoungGen: 1273614K->160K(1306624K)] 1889250K->615804K(2540544K), 0.006 secs] [Times: real=0.006 secs] [pid: 7700] [timestamp: 1644887407326] [node: ]
2022-02-15T09:10:07.422+0800: 89.677: [GC (Allocation Failure) [PSYoungGen: 1306085K->32960K(1336832K)] 1921730K->648612K(2570752K), 0.008 secs] [Times: real=0.008 secs] [pid: 7700] [timestamp: 1644887407422] [node: ]
2022-02-15T09:10:31.123+0800: 113.378: [GC (Allocation Failure) [PSYoungGen: 1330701K->903K(1343488K)] 1946353K->616587K(2577408K), 0.007 secs] [Times: real=0.007 secs] [pid: 7700] [timestamp: 1644887431123] [node: ]
2022-02-15T09:24:32.910+0800: 955.165: [GC (Allocation Failure) [PSYoungGen: 1299335K->42980K(1325056K)] 1915019K->662009K(2558976K), 0.043 secs] [Times: real=0.043 secs] [pid: 7700] [timestamp: 1644888272910] [node: ]
2022-02-15T09:25:23.493+0800: 1005.748: [GC (Allocation Failure) [PSYoungGen: 1325028K->53220K(1335296K)] 1944057K->760832K(2569216K), 0.074 secs] [Times: real=0.074 secs] [pid: 7700] [timestamp: 1644888323493] [node: ]
2022-02-15T09:25:32.850+0800: 1015.105: [GC (Allocation Failure) [PSYoungGen: 1330942K->53238K(1206272K)] 2038555K->807406K(2440192K), 0.036 secs] [Times: real=0.036 secs] [pid: 7700] [timestamp: 1644888332850] [node: ]
2022-02-15T09:25:43.015+0800: 1025.27: [GC (Allocation Failure) [PSYoungGen: 1205407K->110569K(1263616K)] 1959575K->864744K(2497536K), 0.025 secs] [Times: real=0.025 secs] [pid: 7700] [timestamp: 1644888343015] [node: ]
2022-02-15T09:37:20.805+0800: 1723.06: [GC (Allocation Failure) [PSYoungGen: 1263593K->124024K(1195008K)] 2017768K->933403K(2428928K), 0.071 secs] [Times: real=0.071 secs] [pid: 7700] [timestamp: 1644889040805] [node: ]
2022-02-15T10:01:39.442+0800: 3181.697: [GC (Allocation Failure) [PSYoungGen: 1194104K->118876K(1189376K)] 2003483K->928264K(2423296K), 0.053 secs] [Times: real=0.053 secs] [pid: 7700] [timestamp: 1644890499442] [node: ]
2022-02-15T10:18:37.741+0800: 4199.996: [GC (Allocation Failure) [PSYoungGen: 1186519K->160950K(1160192K)] 1995906K->970346K(2394112K), 0.076 secs] [Times: real=0.076 secs] [pid: 7700] [timestamp: 1644891517741] [node: ]
GarbageCollection monitor: Register PS Scavenge for [PS Eden Space, PS Survivor Space]
GarbageCollection monitor: Register PS MarkSweep for [PS Eden Space, PS Survivor Space, PS Old Gen]
2022-02-15T10:45:38.088+0800: 724.586: [GC (Allocation Failure) [PSYoungGen: 1047624K->48262K(1081856K)] 1236060K->236707K(1413120K), 0.09 secs] [Times: real=0.09 secs] [pid: 18576] [timestamp: 1644893138088] [node: ]
2022-02-15T10:45:50.411+0800: 736.909: [GC (Allocation Failure) [PSYoungGen: 1071750K->61685K(1247744K)] 1260195K->250138K(1579008K), 0.077 secs] [Times: real=0.077 secs] [pid: 18576] [timestamp: 1644893150411] [node: ]
2022-02-15T10:55:48.353+0800: 1334.851: [GC (Allocation Failure) [PSYoungGen: 1243795K->58985K(1193472K)] 1432248K->247446K(1524736K), 0.093 secs] [Times: real=0.093 secs] [pid: 18576] [timestamp: 1644893748353] [node: ]
2022-02-15T10:57:16.878+0800: 1423.376: [GC (Metadata GC Threshold) [PSYoungGen: 1085223K->47097K(1133568K)] 1273684K->293443K(1464832K), 0.106 secs] [Times: real=0.106 secs] [pid: 18576] [timestamp: 1644893836878] [node: ]
2022-02-15T10:57:16.984+0800: 1423.482: [Full GC (Metadata GC Threshold) [PSYoungGen: 47097K->0K(1133568K)] [ParOldGen: 246345K->240070K(551936K)] 293443K->240070K(1685504K), [Metaspace: 160904K->160463K(164336K)], 0.858 secs] [Times: real=0.858 secs] [pid: 18576] [timestamp: 1644893836984] [node: ]
2022-02-15T11:10:07.656+0800: 2194.154: [GC (Allocation Failure) [PSYoungGen: 1085074K->13395K(1190400K)] 1325144K->253474K(1742336K), 0.02 secs] [Times: real=0.02 secs] [pid: 18576] [timestamp: 1644894607656] [node: ]
2022-02-15T11:25:26.786+0800: 3113.284: [GC (Allocation Failure) [PSYoungGen: 1102005K->25160K(1239552K)] 1342083K->265246K(1791488K), 0.024 secs] [Times: real=0.024 secs] [pid: 18576] [timestamp: 1644895526786] [node: ]
2022-02-15T11:31:03.068+0800: 3449.566: [GC (Allocation Failure) [PSYoungGen: 1185222K->25879K(1257472K)] 1425308K->265973K(1809408K), 0.029 secs] [Times: real=0.029 secs] [pid: 18576] [timestamp: 1644895863068] [node: ]
2022-02-15T11:37:35.303+0800: 3841.801: [GC (Allocation Failure) [PSYoungGen: 1186815K->26695K(1281536K)] 1426910K->266797K(1833472K), 0.03 secs] [Times: real=0.03 secs] [pid: 18576] [timestamp: 1644896255303] [node: ]
2022-02-15T11:38:02.247+0800: 3868.745: [GC (Allocation Failure) [PSYoungGen: 1226120K->26610K(1289216K)] 1466222K->266712K(1841152K), 0.025 secs] [Times: real=0.025 secs] [pid: 18576] [timestamp: 1644896282247] [node: ]
2022-02-15T11:38:12.099+0800: 3878.597: [GC (Allocation Failure) [PSYoungGen: 1226131K->26254K(1291264K)] 1466234K->266357K(1843200K), 0.02 secs] [Times: real=0.02 secs] [pid: 18576] [timestamp: 1644896292099] [node: ]
2022-02-15T11:39:32.068+0800: 3958.566: [GC (Allocation Failure) [PSYoungGen: 1243790K->29800K(1297920K)] 1483893K->269910K(1849856K), 0.026 secs] [Times: real=0.026 secs] [pid: 18576] [timestamp: 1644896372068] [node: ]
2022-02-15T11:48:48.407+0800: 4514.905: [GC (Allocation Failure) [PSYoungGen: 1247336K->29347K(1298432K)] 1487446K->269465K(1850368K), 0.024 secs] [Times: real=0.024 secs] [pid: 18576] [timestamp: 1644896928407] [node: ]
2022-02-15T12:43:04.773+0800: 7771.271: [GC (Allocation Failure) [PSYoungGen: 1261219K->31394K(1213440K)] 1501337K->271521K(1765376K), 0.043 secs] [Times: real=0.043 secs] [pid: 18576] [timestamp: 1644900184773] [node: ]
2022-02-15T13:19:44.893+0800: 9971.391: [GC (Allocation Failure) [PSYoungGen: 1211205K->29341K(1163264K)] 1451331K->269475K(1715200K), 0.047 secs] [Times: real=0.047 secs] [pid: 18576] [timestamp: 1644902384893] [node: ]
2022-02-15T13:25:49.775+0800: 10336.273: [GC (Allocation Failure) [PSYoungGen: 1162909K->35920K(1124352K)] 1403043K->276062K(1676288K), 0.029 secs] [Times: real=0.029 secs] [pid: 18576] [timestamp: 1644902749775] [node: ]
2022-02-15T13:33:26.370+0800: 10792.868: [GC (GCLocker Initiated GC) [PSYoungGen: 1123920K->56132K(1100800K)] 1364062K->296282K(1652736K), 0.048 secs] [Times: real=0.048 secs] [pid: 18576] [timestamp: 1644903206370] [node: ]
2022-02-15T13:38:02.367+0800: 11068.865: [GC (Allocation Failure) [PSYoungGen: 1100612K->56370K(1059840K)] 1340888K->296654K(1611776K), 0.069 secs] [Times: real=0.069 secs] [pid: 18576] [timestamp: 1644903482367] [node: ]
2022-02-15T13:41:32.631+0800: 11279.129: [GC (Allocation Failure) [PSYoungGen: 1057339K->25595K(989184K)] 1297623K->318964K(1541120K), 0.071 secs] [Times: real=0.071 secs] [pid: 18576] [timestamp: 1644903692631] [node: ]
2022-02-15T13:41:44.891+0800: 11291.389: [GC (Allocation Failure) [PSYoungGen: 987658K->38141K(964608K)] 1281027K->332740K(1516544K), 0.033 secs] [Times: real=0.033 secs] [pid: 18576] [timestamp: 1644903704891] [node: ]
2022-02-15T13:42:05.589+0800: 11312.087: [GC (GCLocker Initiated GC) [PSYoungGen: 964349K->57198K(947712K)] 1258948K->351805K(1499648K), 0.034 secs] [Times: real=0.034 secs] [pid: 18576] [timestamp: 1644903725589] [node: ]
2022-02-15T13:43:06.131+0800: 11372.629: [GC (Allocation Failure) [PSYoungGen: 947566K->41627K(898560K)] 1253912K->353794K(1450496K), 0.036 secs] [Times: real=0.036 secs] [pid: 18576] [timestamp: 1644903786131] [node: ]
2022-02-15T13:43:10.491+0800: 11376.989: [GC (Allocation Failure) [PSYoungGen: 898203K->52942K(877568K)] 1210370K->365269K(1429504K), 0.03 secs] [Times: real=0.03 secs] [pid: 18576] [timestamp: 1644903790491] [node: ]
2022-02-15T13:43:23.265+0800: 11389.763: [GC (Allocation Failure) [PSYoungGen: 877262K->51255K(845312K)] 1189589K->365350K(1397248K), 0.031 secs] [Times: real=0.031 secs] [pid: 18576] [timestamp: 1644903803265] [node: ]
2022-02-15T13:43:26.965+0800: 11393.463: [GC (Allocation Failure) [PSYoungGen: 844855K->44045K(808448K)] 1158950K->358164K(1360384K), 0.032 secs] [Times: real=0.032 secs] [pid: 18576] [timestamp: 1644903806965] [node: ]
2022-02-15T13:43:42.180+0800: 11408.678: [GC (Allocation Failure) [PSYoungGen: 807949K->49813K(785920K)] 1122068K->364120K(1337856K), 0.039 secs] [Times: real=0.039 secs] [pid: 18576] [timestamp: 1644903822180] [node: ]
2022-02-15T14:11:13.963+0800: 13060.461: [GC (Allocation Failure) [PSYoungGen: 785557K->57336K(766464K)] 1099864K->381878K(1318400K), 0.047 secs] [Times: real=0.047 secs] [pid: 18576] [timestamp: 1644905473963] [node: ]
2022-02-15T14:52:55.833+0800: 15562.331: [GC (Allocation Failure) [PSYoungGen: 766456K->57171K(740864K)] 1090998K->383433K(1292800K), 0.117 secs] [Times: real=0.117 secs] [pid: 18576] [timestamp: 1644907975833] [node: ]
2022-02-15T15:21:00.609+0800: 17247.107: [GC (Allocation Failure) [PSYoungGen: 740611K->46560K(705536K)] 1066873K->397042K(1257472K), 0.158 secs] [Times: real=0.158 secs] [pid: 18576] [timestamp: 1644909660609] [node: ]
2022-02-15T15:49:14.062+0800: 18940.56: [GC (GCLocker Initiated GC) [PSYoungGen: 705504K->85492K(721408K)] 1055986K->464640K(1273344K), 0.12 secs] [Times: real=0.12 secs] [pid: 18576] [timestamp: 1644911354062] [node: ]
2022-02-15T15:52:42.067+0800: 19148.565: [GC (Allocation Failure) [PSYoungGen: 721396K->39397K(653312K)] 1100551K->470436K(1205248K), 0.053 secs] [Times: real=0.053 secs] [pid: 18576] [timestamp: 1644911562067] [node: ]
2022-02-15T16:14:22.310+0800: 20448.808: [GC (Allocation Failure) [PSYoungGen: 653285K->35594K(628736K)] 1084324K->471144K(1180672K), 0.082 secs] [Times: real=0.082 secs] [pid: 18576] [timestamp: 1644912862310] [node: ]
GarbageCollection monitor: Register PS Scavenge for [PS Eden Space, PS Survivor Space]
GarbageCollection monitor: Register PS MarkSweep for [PS Eden Space, PS Survivor Space, PS Old Gen]
2022-02-15T16:22:42.593+0800: 76.715: [GC (Allocation Failure) [PSYoungGen: 1273193K->31675K(1295872K)] 1506690K->301639K(1586688K), 0.093 secs] [Times: real=0.093 secs] [pid: 10072] [timestamp: 1644913362593] [node: ]
2022-02-15T16:22:42.686+0800: 76.808: [Full GC (Ergonomics) [PSYoungGen: 31675K->0K(1295872K)] [ParOldGen: 269964K->204432K(470528K)] 301639K->204432K(1766400K), [Metaspace: 151076K->150597K(154584K)], 0.713 secs] [Times: real=0.713 secs] [pid: 10072] [timestamp: 1644913362686] [node: ]
2022-02-15T16:22:52.785+0800: 86.907: [GC (Allocation Failure) [PSYoungGen: 1230331K->38988K(1322496K)] 1434764K->243428K(1793024K), 0.052 secs] [Times: real=0.052 secs] [pid: 10072] [timestamp: 1644913372785] [node: ]
2022-02-15T16:23:50.000+0800: 144.122: [GC (Allocation Failure) [PSYoungGen: 1297484K->52624K(1311232K)] 1501924K->257072K(1781760K), 0.055 secs] [Times: real=0.055 secs] [pid: 10072] [timestamp: 1644913430000] [node: ]
2022-02-15T16:24:12.620+0800: 166.742: [GC (Allocation Failure) [PSYoungGen: 1311120K->52511K(1309696K)] 1515568K->256967K(1780224K), 0.038 secs] [Times: real=0.038 secs] [pid: 10072] [timestamp: 1644913452620] [node: ]
2022-02-15T16:24:25.205+0800: 179.327: [GC (Allocation Failure) [PSYoungGen: 1291551K->60942K(1300480K)] 1496007K->265407K(1771008K), 0.039 secs] [Times: real=0.039 secs] [pid: 10072] [timestamp: 1644913465205] [node: ]
2022-02-15T16:24:36.889+0800: 191.011: [GC (Allocation Failure) [PSYoungGen: 1299982K->61148K(1296896K)] 1504447K->265621K(1767424K), 0.04 secs] [Times: real=0.04 secs] [pid: 10072] [timestamp: 1644913476889] [node: ]
2022-02-15T16:24:47.743+0800: 201.865: [GC (Allocation Failure) [PSYoungGen: 1276636K->63727K(1279488K)] 1481109K->268207K(1750016K), 0.043 secs] [Times: real=0.043 secs] [pid: 10072] [timestamp: 1644913487743] [node: ]
2022-02-15T16:25:19.269+0800: 233.391: [GC (GCLocker Initiated GC) [PSYoungGen: 1279215K->63336K(1290240K)] 1483695K->267825K(1760768K), 0.041 secs] [Times: real=0.041 secs] [pid: 10072] [timestamp: 1644913519269] [node: ]
2022-02-15T16:26:57.677+0800: 331.799: [GC (Allocation Failure) [PSYoungGen: 1262440K->59903K(1259008K)] 1468388K->265851K(1729536K), 0.044 secs] [Times: real=0.044 secs] [pid: 10072] [timestamp: 1644913617677] [node: ]
2022-02-15T16:27:21.042+0800: 355.164: [GC (Allocation Failure) [PSYoungGen: 1259007K->95715K(1264128K)] 1464955K->302810K(1734656K), 0.084 secs] [Times: real=0.084 secs] [pid: 10072] [timestamp: 1644913641042] [node: ]
GarbageCollection monitor: Register PS Scavenge for [PS Eden Space, PS Survivor Space]
GarbageCollection monitor: Register PS MarkSweep for [PS Eden Space, PS Survivor Space, PS Old Gen]
2022-02-15T16:36:36.780+0800: 67.619: [GC (Allocation Failure) [PSYoungGen: 1068486K->48617K(1090560K)] 1265665K->257889K(1414144K), 0.114 secs] [Times: real=0.114 secs] [pid: 27744] [timestamp: 1644914196780] [node: ]
2022-02-15T16:55:16.496+0800: 1187.335: [GC (Allocation Failure) [PSYoungGen: 1090537K->58746K(1251328K)] 1299809K->283330K(1574912K), 0.065 secs] [Times: real=0.065 secs] [pid: 27744] [timestamp: 1644915316496] [node: ]
